========================================
Date: 2026-07-31 06:06:28
To: admin@example.com
Subject: Password Recovery - MLM App
Body:
Hello admin,

We received a request to reset your password. Click the link below to set a new password:

http://127.0.0.1:8080/reset_password.php?token=0d86639294912243cedf32b3dc9728a2f17a9f66b4e472ffef33b712eebcd9e0

This link will expire in 1 hour.

If you did not request this, please ignore this email.

Best regards,
MLM App Team
========================================

========================================
Date: 2026-07-31 06:06:31
To: admin@mlm.com
Subject: Admin Password Recovery - MLM App
Body:
Hello superadmin,

We received a request to reset your admin password. Click the link below to set a new password:

http://127.0.0.1:8080/admin/reset_password.php?token=b71d55cd22ef5ea838ec51b7e6506133ca3bf04fa3ff1692c3281b3335a9bf47

This link will expire in 1 hour.

If you did not request this, please ignore this email.

Best regards,
MLM App Team
========================================
